# Proof log: byk-mail-read-search (Gmail typed read/search, slice 1)
# Worktree: /home/umer/.treehouse/byokit-48ee6a/1/byokit, branch fm/byk-mail-read-search
# No live mailbox, no sends, no credentials. All transports are fixtures/fakes.

$ npm ci   # fresh worktree; deps not inherited
# (warnings only: install-scripts no-op notices)
# BUILD_EXIT=0

$ npm run build   # tsc -b every package + fix-words-dts
# BUILD_EXIT=0

$ npm run check   # tsc over sources and tests
# no errors

$ sh scripts/test.sh 'packages/connect/test/*.test.ts'
# pass 22, fail 0
# ~/.pi: sign-ins, settings and extensions unchanged, byte for byte.

$ npm test   # full suite, throwaway HOME, egress guard
# tests 2028, pass 2003, fail 0, skipped 25 (pre-existing), duration ~6min
# ~/.pi: sign-ins, settings and extensions unchanged, byte for byte.

$ node scripts/readme-check.ts
# README examples: 151 blocks, 24 existing gaps, 0 new failures in 30 kits

$ npm run release -- lint --base origin/main
# release lint: ok

$ node "$scratch/drive.mjs"   # consumer drive against built packages/connect/dist
gmail scope: https://www.googleapis.com/auth/gmail.readonly
page1: Subject m1 | Subject m2 | next: p2 | estimate: 3
page2: m3 | next: undefined
body chars: 15000 | truncated: false | match: true
seated on Connection: true | connected: false
typed error: MailError | code: signed-out | status: 401 | leaks token: false
DRIVE OK
EXIT=0

# Size: 271 added lines (162 src/mail.ts + 87 test/mail.test.ts + 18 README + 2 index + 2 CHANGELOG).
# Limits: fixtures only (2 canned pages; single canned 401/429/500/malformed legs);
# Connection seating proves construction fit, not a sign-in; no live provider touched.
